"DEMO_CONTAINER_NAME": "int-container-01", "DEMO_SERVICE_NAME": "webfront", "DEMO_SYSTEM_NAME": "internal-web"
"DEMO_CONTAINER_NAME": "int-container-02", "DEMO_SERVICE_NAME": "webfront", "DEMO_SYSTEM_NAME": "internal-web"
"DEMO_CONTAINER_NAME": "int-container-03", "DEMO_SERVICE_NAME": "webfront", "DEMO_SYSTEM_NAME": "internal-web"
"DEMO_CONTAINER_NAME": "int-container-04", "DEMO_SERVICE_NAME": "webfront", "DEMO_SYSTEM_NAME": "internal-web"
"DEMO_CONTAINER_NAME": "int-container-05", "DEMO_SERVICE_NAME": "webfront", "DEMO_SYSTEM_NAME": "internal-web"
"DEMO_CONTAINER_NAME": "int-container-06", "DEMO_SERVICE_NAME": "webfront", "DEMO_SYSTEM_NAME": "internal-web"
"DEMO_CONTAINER_NAME": "int-container-07", "DEMO_SERVICE_NAME": "webfront", "DEMO_SYSTEM_NAME": "internal-web"
"DEMO_CONTAINER_NAME": "int-container-08", "DEMO_SERVICE_NAME": "webfront", "DEMO_SYSTEM_NAME": "internal-web"
"DEMO_CONTAINER_NAME": "int-container-09", "DEMO_SERVICE_NAME": "webfront", "DEMO_SYSTEM_NAME": "internal-web"
"DEMO_CONTAINER_NAME": "int-container-10", "DEMO_SERVICE_NAME": "webfront", "DEMO_SYSTEM_NAME": "internal-web"
"DEMO_CONTAINER_NAME": "int-container-11", "DEMO_SERVICE_NAME": "backend", "DEMO_SYSTEM_NAME": "internal-web"
"DEMO_CONTAINER_NAME": "int-container-12", "DEMO_SERVICE_NAME": "backend", "DEMO_SYSTEM_NAME": "internal-web"
"DEMO_CONTAINER_NAME": "int-container-13", "DEMO_SERVICE_NAME": "backend", "DEMO_SYSTEM_NAME": "internal-web"
"DEMO_CONTAINER_NAME": "int-container-14", "DEMO_SERVICE_NAME": "backend", "DEMO_SYSTEM_NAME": "internal-web"
"DEMO_CONTAINER_NAME": "int-container-15", "DEMO_SERVICE_NAME": "backend", "DEMO_SYSTEM_NAME": "internal-web"
"DEMO_CONTAINER_NAME": "int-container-16", "DEMO_SERVICE_NAME": "backend", "DEMO_SYSTEM_NAME": "internal-web"
"DEMO_CONTAINER_NAME": "int-container-17", "DEMO_SERVICE_NAME": "backend", "DEMO_SYSTEM_NAME": "internal-web"
"DEMO_CONTAINER_NAME": "int-container-18", "DEMO_SERVICE_NAME": "backend", "DEMO_SYSTEM_NAME": "internal-web"
"DEMO_CONTAINER_NAME": "int-container-19", "DEMO_SERVICE_NAME": "backend", "DEMO_SYSTEM_NAME": "internal-web"
"DEMO_CONTAINER_NAME": "int-container-20", "DEMO_SERVICE_NAME": "backend", "DEMO_SYSTEM_NAME": "internal-web"
"DEMO_CONTAINER_NAME": "int-container-21", "DEMO_SERVICE_NAME": "webcache", "DEMO_SYSTEM_NAME": "internal-web"
"DEMO_CONTAINER_NAME": "int-container-22", "DEMO_SERVICE_NAME": "webcache", "DEMO_SYSTEM_NAME": "internal-web"
"DEMO_CONTAINER_NAME": "int-container-23", "DEMO_SERVICE_NAME": "database", "DEMO_SYSTEM_NAME": "internal-web"
"DEMO_CONTAINER_NAME": "int-container-24", "DEMO_SERVICE_NAME": "database", "DEMO_SYSTEM_NAME": "internal-web"
"DEMO_CONTAINER_NAME": "ext-container-01", "DEMO_SERVICE_NAME": "webfront", "DEMO_SYSTEM_NAME": "external-web"
"DEMO_CONTAINER_NAME": "ext-container-02", "DEMO_SERVICE_NAME": "webfront", "DEMO_SYSTEM_NAME": "external-web"
"DEMO_CONTAINER_NAME": "ext-container-03", "DEMO_SERVICE_NAME": "webfront", "DEMO_SYSTEM_NAME": "external-web"
"DEMO_CONTAINER_NAME": "ext-container-04", "DEMO_SERVICE_NAME": "webfront", "DEMO_SYSTEM_NAME": "external-web"
"DEMO_CONTAINER_NAME": "ext-container-05", "DEMO_SERVICE_NAME": "webfront", "DEMO_SYSTEM_NAME": "external-web"
"DEMO_CONTAINER_NAME": "ext-container-06", "DEMO_SERVICE_NAME": "webfront", "DEMO_SYSTEM_NAME": "external-web"
"DEMO_CONTAINER_NAME": "ext-container-07", "DEMO_SERVICE_NAME": "webfront", "DEMO_SYSTEM_NAME": "external-web"
"DEMO_CONTAINER_NAME": "ext-container-08", "DEMO_SERVICE_NAME": "webfront", "DEMO_SYSTEM_NAME": "external-web"
"DEMO_CONTAINER_NAME": "ext-container-09", "DEMO_SERVICE_NAME": "webfront", "DEMO_SYSTEM_NAME": "external-web"
"DEMO_CONTAINER_NAME": "ext-container-10", "DEMO_SERVICE_NAME": "webfront", "DEMO_SYSTEM_NAME": "external-web"
"DEMO_CONTAINER_NAME": "ext-container-11", "DEMO_SERVICE_NAME": "webfront", "DEMO_SYSTEM_NAME": "external-web"
"DEMO_CONTAINER_NAME": "ext-container-12", "DEMO_SERVICE_NAME": "webfront", "DEMO_SYSTEM_NAME": "external-web"
"DEMO_CONTAINER_NAME": "ext-container-13", "DEMO_SERVICE_NAME": "webfront", "DEMO_SYSTEM_NAME": "external-web"
"DEMO_CONTAINER_NAME": "ext-container-14", "DEMO_SERVICE_NAME": "webfront", "DEMO_SYSTEM_NAME": "external-web"
"DEMO_CONTAINER_NAME": "ext-container-15", "DEMO_SERVICE_NAME": "webfront", "DEMO_SYSTEM_NAME": "external-web"
"DEMO_CONTAINER_NAME": "ext-container-16", "DEMO_SERVICE_NAME": "webfront", "DEMO_SYSTEM_NAME": "external-web"
"DEMO_CONTAINER_NAME": "ext-container-17", "DEMO_SERVICE_NAME": "webfront", "DEMO_SYSTEM_NAME": "external-web"
"DEMO_CONTAINER_NAME": "ext-container-18", "DEMO_SERVICE_NAME": "webfront", "DEMO_SYSTEM_NAME": "external-web"
"DEMO_CONTAINER_NAME": "ext-container-19", "DEMO_SERVICE_NAME": "webfront", "DEMO_SYSTEM_NAME": "external-web"
"DEMO_CONTAINER_NAME": "ext-container-20", "DEMO_SERVICE_NAME": "webfront", "DEMO_SYSTEM_NAME": "external-web"
"DEMO_CONTAINER_NAME": "ext-container-21", "DEMO_SERVICE_NAME": "backendapi", "DEMO_SYSTEM_NAME": "external-web"
"DEMO_CONTAINER_NAME": "ext-container-22", "DEMO_SERVICE_NAME": "backendapi", "DEMO_SYSTEM_NAME": "external-web"
"DEMO_CONTAINER_NAME": "ext-container-23", "DEMO_SERVICE_NAME": "backendapi", "DEMO_SYSTEM_NAME": "external-web"
"DEMO_CONTAINER_NAME": "ext-container-24", "DEMO_SERVICE_NAME": "backendapi", "DEMO_SYSTEM_NAME": "external-web"
"DEMO_CONTAINER_NAME": "ext-container-25", "DEMO_SERVICE_NAME": "backendapi", "DEMO_SYSTEM_NAME": "external-web"
"DEMO_CONTAINER_NAME": "ext-container-26", "DEMO_SERVICE_NAME": "backendapi", "DEMO_SYSTEM_NAME": "external-web"
"DEMO_CONTAINER_NAME": "ext-container-27", "DEMO_SERVICE_NAME": "backendapi", "DEMO_SYSTEM_NAME": "external-web"
"DEMO_CONTAINER_NAME": "ext-container-28", "DEMO_SERVICE_NAME": "backendapi", "DEMO_SYSTEM_NAME": "external-web"
"DEMO_CONTAINER_NAME": "ext-container-29", "DEMO_SERVICE_NAME": "backendapi", "DEMO_SYSTEM_NAME": "external-web"
"DEMO_CONTAINER_NAME": "ext-container-30", "DEMO_SERVICE_NAME": "backendapi", "DEMO_SYSTEM_NAME": "external-web"
"DEMO_CONTAINER_NAME": "ext-container-31", "DEMO_SERVICE_NAME": "cart", "DEMO_SYSTEM_NAME": "external-web"
"DEMO_CONTAINER_NAME": "ext-container-32", "DEMO_SERVICE_NAME": "cart", "DEMO_SYSTEM_NAME": "external-web"
"DEMO_CONTAINER_NAME": "ext-container-33", "DEMO_SERVICE_NAME": "cart", "DEMO_SYSTEM_NAME": "external-web"
"DEMO_CONTAINER_NAME": "ext-container-34", "DEMO_SERVICE_NAME": "cart", "DEMO_SYSTEM_NAME": "external-web"
"DEMO_CONTAINER_NAME": "ext-container-35", "DEMO_SERVICE_NAME": "recommend", "DEMO_SYSTEM_NAME": "external-web"
"DEMO_CONTAINER_NAME": "ext-container-36", "DEMO_SERVICE_NAME": "recommend", "DEMO_SYSTEM_NAME": "external-web"
"DEMO_CONTAINER_NAME": "ext-container-37", "DEMO_SERVICE_NAME": "checkout", "DEMO_SYSTEM_NAME": "external-web"
"DEMO_CONTAINER_NAME": "ext-container-38", "DEMO_SERVICE_NAME": "checkout", "DEMO_SYSTEM_NAME": "external-web"
"DEMO_CONTAINER_NAME": "ext-container-39", "DEMO_SERVICE_NAME": "checkout", "DEMO_SYSTEM_NAME": "external-web"
"DEMO_CONTAINER_NAME": "ext-container-40", "DEMO_SERVICE_NAME": "checkout", "DEMO_SYSTEM_NAME": "external-web"
"DEMO_CONTAINER_NAME": "ext-container-41", "DEMO_SERVICE_NAME": "ad", "DEMO_SYSTEM_NAME": "external-web"
"DEMO_CONTAINER_NAME": "ext-container-42", "DEMO_SERVICE_NAME": "ad", "DEMO_SYSTEM_NAME": "external-web"
"DEMO_CONTAINER_NAME": "ext-container-43", "DEMO_SERVICE_NAME": "cache", "DEMO_SYSTEM_NAME": "external-web"
"DEMO_CONTAINER_NAME": "ext-container-44", "DEMO_SERVICE_NAME": "cache", "DEMO_SYSTEM_NAME": "external-web"
"DEMO_CONTAINER_NAME": "ext-container-45", "DEMO_SERVICE_NAME": "mysql", "DEMO_SYSTEM_NAME": "external-web"
"DEMO_CONTAINER_NAME": "ext-container-46", "DEMO_SERVICE_NAME": "mysql", "DEMO_SYSTEM_NAME": "external-web"
"DEMO_CONTAINER_NAME": "ext-container-47", "DEMO_SERVICE_NAME": "postgres", "DEMO_SYSTEM_NAME": "external-web"
"DEMO_CONTAINER_NAME": "ext-container-48", "DEMO_SERVICE_NAME": "poatgres", "DEMO_SYSTEM_NAME": "external-web"
"DEMO_CONTAINER_NAME": "ext-container-49", "DEMO_SERVICE_NAME": "splunk", "DEMO_SYSTEM_NAME": "external-web"
"DEMO_CONTAINER_NAME": "ext-container-50", "DEMO_SERVICE_NAME": "splunk", "DEMO_SYSTEM_NAME": "external-web"
